// Jest Snapshot v1, https://goo.gl/fbAQLP

exports[`Tarefas Arquivadas deve renderizar um quadro de tarefas com 2 tarefas arquivdas 1`] = `
<DocumentFragment>
  <div
    class="row"
  >
    <div
      class="col-6"
    >
      <h4
        class="text-secondary"
      >
        Tarefas arquivadas:
        <span
          class="badge badge-pill badge-secondary"
          data-testid="badge"
          style="margin-left: 6px;"
        >
          2
        </span>
      </h4>
    </div>
    <div
      class="col-6 text-right"
    >
      <a
        class="btn btn-primary"
        href="/"
      >
        Voltar para o Quadro Kanban
      </a>
    </div>
  </div>
  <div
    class="row"
  >
    <div
      class="col-12"
    >
      <div
        class="alert alert-danger"
        role="alert"
      >
        Algo deu errado, 
        <a
          class="alert-link"
          href="/arquivadas"
        >
          recarregue a página.
        </a>
      </div>
    </div>
  </div>
  <div
    class="row"
    style="margin-top: 10px;"
  >
    <div
      class="col-12 card-columns"
    >
      <div
        class="card w-100 h-auto bg-secondary"
        draggable="false"
        style="margin-bottom: 5px;"
      >
        <div
          class="card-body text-center"
        >
          <h5
            class="card-title"
          >
            fazer algo2
          </h5>
          <p
            class="card-text text-justify"
          >
            fazer alguma coisa2
          </p>
          <p
            class="card-text text-left "
            style="font-size: 11px;"
          >
            Adicionado em: 28/01
          </p>
          <p
            class="card-text text-left"
            style="font-size: 11px;"
          />
          <p
            class="card-text text-center"
          />
          <div
            aria-label="Botões Editar e de ações"
            class="btn-group btn-group-sm"
            role="group"
          >
            <a
              class="btn btn-sm btn-light"
              href="/editar"
            >
              Editar 
            </a>
            <button
              class="btn btn-sm btn-danger"
            >
              Deletar
            </button>
          </div>
        </div>
      </div>
      <div
        class="card w-100 h-auto bg-secondary"
        draggable="false"
        style="margin-bottom: 5px;"
      >
        <div
          class="card-body text-center"
        >
          <h5
            class="card-title"
          >
            fazer algo3
          </h5>
          <p
            class="card-text text-justify"
          >
            fazer alguma coisa3
          </p>
          <p
            class="card-text text-left "
            style="font-size: 11px;"
          >
            Adicionado em: 28/01
          </p>
          <p
            class="card-text text-left"
            style="font-size: 11px;"
          />
          <p
            class="card-text text-center"
          />
          <div
            aria-label="Botões Editar e de ações"
            class="btn-group btn-group-sm"
            role="group"
          >
            <a
              class="btn btn-sm btn-light"
              href="/editar"
            >
              Editar 
            </a>
            <button
              class="btn btn-sm btn-danger"
            >
              Deletar
            </button>
          </div>
        </div>
      </div>
    </div>
  </div>
</DocumentFragment>
`;
